src/app/api/leads/[leadId]/allocate/route.ts(30,10): error TS2304: Cannot find name 'leadId'.
src/app/api/leads/[leadId]/allocate/route.ts(41,50): error TS2304: Cannot find name 'leadId'.
src/app/api/leads/[leadId]/allocate/route.ts(96,11): error TS18004: No value exists in scope for the shorthand property 'leadId'. Either declare one or provide an initializer.
src/app/api/leads/[leadId]/allocate/route.ts(97,33): error TS2339: Property 'assignmentIds' does not exist on type 'AllocationResult'.
  Property 'assignmentIds' does not exist on type '{ success: false; error: "NO_AVAILABLE_PROVIDERS" | "INVALID_SERVICE" | "LEAD_NOT_FOUND" | "LEAD_ALREADY_ALLOCATED" | "MANDATORY_PROVIDER_QUOTA_EXCEEDED" | "DATABASE_ERROR"; }'.
src/app/api/leads/[leadId]/allocate/route.ts(98,38): error TS2339: Property 'allocatedProviders' does not exist on type 'AllocationResult'.
  Property 'allocatedProviders' does not exist on type '{ success: false; error: "NO_AVAILABLE_PROVIDERS" | "INVALID_SERVICE" | "LEAD_NOT_FOUND" | "LEAD_ALREADY_ALLOCATED" | "MANDATORY_PROVIDER_QUOTA_EXCEEDED" | "DATABASE_ERROR"; }'.
src/app/api/leads/create/route.ts(19,24): error TS2339: Property 'errors' does not exist on type 'ZodError<unknown>'.
src/app/api/leads/create/route.ts(20,11): error TS7006: Parameter 'issue' implicitly has an 'any' type.
src/app/api/leads/create/route.ts(56,11): error TS1360: Type '{ error: string; message: string; }' does not satisfy the expected type 'ErrorResponse'.
  Property 'statusCode' is missing in type '{ error: string; message: string; }' but required in type 'ErrorResponse'.
src/app/api/leads/create/route.ts(71,13): error TS1360: Type '{ error: string; message: string; }' does not satisfy the expected type 'ErrorResponse'.
  Property 'statusCode' is missing in type '{ error: string; message: string; }' but required in type 'ErrorResponse'.
src/app/api/leads/create/route.ts(88,13): error TS1360: Type '{ error: string; message: string; }' does not satisfy the expected type 'ErrorResponse'.
  Property 'statusCode' is missing in type '{ error: string; message: string; }' but required in type 'ErrorResponse'.
src/app/api/leads/create/route.ts(98,13): error TS1360: Type '{ error: string; message: string; }' does not satisfy the expected type 'ErrorResponse'.
  Property 'statusCode' is missing in type '{ error: string; message: string; }' but required in type 'ErrorResponse'.
src/app/api/leads/create/route.ts(108,13): error TS1360: Type '{ error: string; message: string; }' does not satisfy the expected type 'ErrorResponse'.
  Property 'statusCode' is missing in type '{ error: string; message: string; }' but required in type 'ErrorResponse'.
src/app/api/leads/create/route.ts(119,26): error TS2339: Property 'leadId' does not exist on type 'CreateLeadResponse'.
  Property 'leadId' does not exist on type '{ success: false; error: "DATABASE_ERROR" | "DUPLICATE_LEAD" | "SERVICE_NOT_FOUND"; }'.
src/app/api/leads/create/route.ts(131,9): error TS1360: Type '{ error: string; message: string; }' does not satisfy the expected type 'ErrorResponse'.
  Property 'statusCode' is missing in type '{ error: string; message: string; }' but required in type 'ErrorResponse'.
src/app/api/webhooks/quota-reset/route.ts(53,43): error TS2339: Property 'errors' does not exist on type 'ZodError<{ externalId: string; eventType: "quota_reset"; timestamp: number; source: string; reason?: string | undefined; }>'.
src/app/api/webhooks/quota-reset/route.ts(90,34): error TS2339: Property 'webhookEventId' does not exist on type '{ success: false; error: "DATABASE_ERROR" | "DUPLICATE_WEBHOOK" | "INVALID_PAYLOAD" | "TRANSACTION_FAILED"; message: string; }'.
src/server/db/assignment-repository.ts(1,10): error TS2305: Module '"@prisma/client"' has no exported member 'Assignment'.
src/server/db/lead-repository.ts(1,10): error TS2305: Module '"@prisma/client"' has no exported member 'Lead'.
src/server/db/provider-repository.ts(1,32): error TS2305: Module '"@prisma/client"' has no exported member 'Provider'.
src/server/services/assignment-service.ts(18,37): error TS7006: Parameter 'tx' implicitly has an 'any' type.
src/server/services/lead-create-service.ts(60,33): error TS2339: Property 'PrismaClientKnownRequestError' does not exist on type 'typeof Prisma'.
src/server/services/lead-create-service.ts(61,11): error TS18046: 'error' is of type 'unknown'.
src/server/services/lead-create-service.ts(63,23): error TS18046: 'error' is of type 'unknown'.
src/server/services/provider-allocation-service.ts(83,14): error TS7006: Parameter 'tx' implicitly has an 'any' type.
src/server/services/provider-allocation-service.ts(116,34): error TS2347: Untyped function calls may not accept type arguments.
src/server/services/provider-allocation-service.ts(119,18): error TS2339: Property 'sql' does not exist on type 'typeof Prisma'.
src/server/services/provider-allocation-service.ts(275,32): error TS2339: Property 'TransactionIsolationLevel' does not exist on type 'typeof Prisma'.
src/server/services/provider-allocation-service.ts(283,33): error TS2339: Property 'PrismaClientKnownRequestError' does not exist on type 'typeof Prisma'.
src/server/services/provider-allocation-service.ts(284,11): error TS18046: 'error' is of type 'unknown'.
src/server/services/provider-dashboard-service.ts(35,25): error TS7006: Parameter 'p' implicitly has an 'any' type.
src/server/services/quota-reset-service.ts(63,53): error TS7006: Parameter 'tx' implicitly has an 'any' type.
src/server/services/quota-reset-service.ts(136,33): error TS2339: Property 'PrismaClientKnownRequestError' does not exist on type 'typeof Prisma'.
src/server/services/quota-reset-service.ts(137,11): error TS18046: 'error' is of type 'unknown'.
